test : 2018-03-13 09:52:29.747906413 +0000 GMT m=+2.848331947
This is a test! : 2018-03-13 09:52:41.421569155 +0000 GMT m=+14.521994705
This is a test! : 2018-03-13 09:52:41.421859765 +0000 GMT m=+14.522285233
This is a test! : 2018-03-13 09:52:41.422119303 +0000 GMT m=+14.522544796
This is a test! : 2018-03-13 09:52:41.422348982 +0000 GMT m=+14.522774456
This is a test! : 2018-03-13 09:52:41.422595163 +0000 GMT m=+14.523020626
This is a test! : 2018-03-13 09:52:41.422810601 +0000 GMT m=+14.523236121
This is a test! : 2018-03-13 09:52:41.423033375 +0000 GMT m=+14.523458848
This is a test! : 2018-03-13 09:52:41.423245475 +0000 GMT m=+14.523670912
This is a test! : 2018-03-13 09:52:41.423363812 +0000 GMT m=+14.523789249
test : 2018-03-13 09:56:07.856563838 +0000 GMT m=+2.854677066
test : 2018-03-13 09:56:08.687166891 +0000 GMT m=+3.685280129
This is a test! : 2018-03-13 09:56:09.738062606 +0000 GMT m=+4.736175839
This is a test! : 2018-03-13 09:56:09.738445456 +0000 GMT m=+4.736558681
This is a test! : 2018-03-13 09:56:09.738700875 +0000 GMT m=+4.736814080
This is a test! : 2018-03-13 09:56:09.73889362 +0000 GMT m=+4.737006819
This is a test! : 2018-03-13 09:56:09.739020987 +0000 GMT m=+4.737134193
This is a test! : 2018-03-13 09:56:09.739141382 +0000 GMT m=+4.737254579
This is a test! : 2018-03-13 09:56:09.739277873 +0000 GMT m=+4.737391079
This is a test! : 2018-03-13 09:56:09.739425726 +0000 GMT m=+4.737538934
This is a test! : 2018-03-13 09:56:46.959064557 +0000 GMT m=+1.157540283
This is a test! : 2018-03-13 09:56:46.959141366 +0000 GMT m=+1.157617091
This is a test! : 2018-03-13 09:56:46.959194387 +0000 GMT m=+1.157670107
This is a test! : 2018-03-13 09:56:46.959243309 +0000 GMT m=+1.157719028
This is a test! : 2018-03-13 09:56:46.959273653 +0000 GMT m=+1.157749373
This is a test! : 2018-03-13 09:56:46.959294391 +0000 GMT m=+1.157770102
This is a test! : 2018-03-13 09:56:46.959318506 +0000 GMT m=+1.157794231
This is a test! : 2018-03-13 09:56:46.959353204 +0000 GMT m=+1.157828924
This is a test! : 2018-03-13 09:56:46.959413277 +0000 GMT m=+1.157888998
This is a test! : 2018-03-13 09:56:46.959493206 +0000 GMT m=+1.157968930
